Microchip MPLAB XC8 Compiler V1.41 ()

Linker command line:

-W-3 --edf=C:\Program Files (x86)\Microchip\xc8\v1.41\dat\en_msgs.txt -cs \
  -h+dist/default/production\flash_ew.X.production.sym \
  --cmf=dist/default/production\flash_ew.X.production.cmf -z -Q18F4520 \
  -oC:\Users\DEVILB~1\AppData\Local\Temp\s410.2 \
  -Mdist/default/production/flash_ew.X.production.map -E1 -ver=XC8 \
  -ASTACK=0300h-05ffh -pstack=STACK -ACODE=00h-07FFFh -ACONST=00h-07FFFh \
  -ASMALLCONST=0600h-06FFhx122 -AMEDIUMCONST=0600h-07FFFh -ACOMRAM=01h-07Fh \
  -AABS1=00h-05FFh -ABIGRAM=01h-05FFh -ARAM=080h-0FFh,0100h-01FFhx5 \
  -ABANK0=080h-0FFh -ABANK1=0100h-01FFh -ABANK2=0200h-02FFh \
  -ABANK3=0300h-03FFh -ABANK4=0400h-04FFh -ABANK5=0500h-05FFh \
  -ASFR=0F80h-0FFFh -preset_vec=00h,intcode=08h,intcodelo=018h,powerup,init \
  -pramtop=0600h -psmallconst=SMALLCONST -pmediumconst=MEDIUMCONST \
  -pconst=CONST -AFARRAM=00h-00h -ACONFIG=0300000h-030000Dh -pconfig=CONFIG \
  -AIDLOC=0200000h-0200007h -pidloc=IDLOC -AEEDATA=0F00000h-0F000FFh \
  -peeprom_data=EEDATA \
  -prdata=COMRAM,nvrram=COMRAM,nvbit=COMRAM,rbss=COMRAM,rbit=COMRAM \
  -pfarbss=FARRAM,fardata=FARRAM,nvFARRAM=FARRAM \
  -pintsave_regs=BIGRAM,bigbss=BIGRAM,bigdata=BIGRAM -pbss=RAM \
  -pidata=CODE,irdata=CODE,ibigdata=CODE,ifardata=CODE -prparam=COMRAM \
  C:\Users\DEVILB~1\AppData\Local\Temp\s410.obj \
  dist/default/production\flash_ew.X.production.obj 

Object code version is 3.11

Machine type is 18F4520

Call graph: (short form)




                Name                               Link     Load   Length Selector   Space Scale
C:\Users\DEVILB~1\AppData\Local\Temp\s410.obj
                init                                 AA       AA        4        C       0
                reset_vec                             0        0        4        0       0
                idloc                            200000   200000        8   200000       0
                config                           300000   300000        E   300000       0
dist/default/production\flash_ew.X.production.obj
                intcodelo                            18       18       92        C       0
                intcode                               8        8        6        4       0
                temp                                 60       60        1        1       1
                smallconst                          600      600       32      300       0
                intcode_body                        B32      B32       7A      319       0
                text12                              D9E      D9E       36      319       0
                text11                              E22      E22       1A      319       0
                text10                              DFE      DFE       24      319       0
                text9                               8DC      8DC      13A      319       0
                text8                               C24      C24       66      319       0
                text7                               BAC      BAC       78      319       0
                text6                               DD4      DD4       2A      319       0
                text5                               632      632      2AA      319       0
                text4                               D26      D26       3E      319       0
                text3                               E3C      E3C       12      319       0
                text2                               C8A      C8A       56      319       0
                text1                               CE0      CE0       46      319       0
                text0                               A16      A16      11C      319       0
                cstackCOMRAM                         41       41       1F        1       1
                cstackBANK0                          80       80       4F       80       1
                cstackBANK1                         100      100       41      100       1
                bssBANK2                            200      200      100      200       1
                bssBANK1                            141      141       40      100       1
                bssCOMRAM                             1        1       40        1       1
                cinit                               D64      D64       3A      319       0

TOTAL           Name                               Link     Load   Length     Space
        CLASS   STACK          

        CLASS   CODE           
                intcodelo                            18       18       92         0
                intcode                               8        8        6         0
                init                                 AA       AA        4         0
                reset_vec                             0        0        4         0
                intcode_body                        B32      B32       7A         0
                text12                              D9E      D9E       36         0
                text11                              E22      E22       1A         0
                text10                              DFE      DFE       24         0
                text9                               8DC      8DC      13A         0
                text8                               C24      C24       66         0
                text7                               BAC      BAC       78         0
                text6                               DD4      DD4       2A         0
                text5                               632      632      2AA         0
                text4                               D26      D26       3E         0
                text3                               E3C      E3C       12         0
                text2                               C8A      C8A       56         0
                text1                               CE0      CE0       46         0
                text0                               A16      A16      11C         0
                cinit                               D64      D64       3A         0

        CLASS   CONST          

        CLASS   SMALLCONST     
                smallconst                          600      600       32         0

        CLASS   MEDIUMCONST    

        CLASS   COMRAM         
                temp                                 60       60        1         1
                cstackCOMRAM                         41       41       1F         1
                bssCOMRAM                             1        1       40         1

        CLASS   ABS1           

        CLASS   BIGRAM         

        CLASS   RAM            

        CLASS   BANK0          
                cstackBANK0                          80       80       4F         1

        CLASS   BANK1          
                cstackBANK1                         100      100       41         1
                bssBANK1                            141      141       40         1

        CLASS   BANK2          
                bssBANK2                            200      200      100         1

        CLASS   BANK3          

        CLASS   BANK4          

        CLASS   BANK5          

        CLASS   SFR            

        CLASS   FARRAM         

        CLASS   CONFIG         
                config                           300000   300000        E         0

        CLASS   IDLOC          
                idloc                            200000   200000        8         0

        CLASS   EEDATA         



SEGMENTS        Name                           Load    Length   Top    Selector   Space  Class

                reset_vec                      000000  000004  000004         0       0  CODE    
                bssCOMRAM                      000001  000060  000061         1       1  COMRAM  
                intcode                        000008  000006  00000E         4       0  CODE    
                intcodelo                      000018  000096  0000AE         C       0  CODE    
                cstackBANK0                    000080  00004F  0000CF        80       1  BANK0   
                cstackBANK1                    000100  000081  000181       100       1  BANK1   
                bssBANK2                       000200  000100  000300       200       1  BANK2   
                smallconst                     000600  000032  000632       300       0  SMALLCON
                text5                          000632  00081C  000E4E       319       0  CODE    
                idloc                          200000  000008  200008    200000       0  IDLOC   
                config                         300000  00000E  30000E    300000       0  CONFIG  


UNUSED ADDRESS RANGES

        Name                Unused          Largest block    Delta
        BANK0            0000CF-0000FF               31
        BANK1            000181-0001FF               7F
        BANK3            000300-0003FF              100
        BANK4            000400-0004FF              100
        BANK5            000500-0005FF              100
        BIGRAM           000061-00007F               1F
                         0000CF-0000FF               31
                         000181-0001FF               7F
                         000300-0005FF              300
        CODE             000004-000007                4
                         00000E-000017                A
                         0000AE-0005FF              552
                         000E4E-007FFF             71B2
        COMRAM           000061-00007F               1F
        CONST            000004-000007                4
                         00000E-000017                A
                         0000AE-0005FF              552
                         000E4E-007FFF             71B2
        EEDATA           F00000-F000FF              100
        MEDIUMCONST      000E4E-007FFF             71B2
        RAM              0000CF-0000FF               31
                         000181-0001FF               7F
                         000300-0005FF              100
        SFR              000F80-000FFF               80
        SMALLCONST       000E4E-007FFF              100
        STACK            000300-0005FF              300

                                  Symbol Table

?___lwdiv                          cstackBANK0  000080
?___wmul                           cstackBANK0  000080
?_flash_read                       cstackBANK0  000080
?_sprintf                          cstackBANK0  000087
_BAUDCONbits                       (abs)        000FB8
_EECON1bits                        (abs)        000FA6
_EECON2                            (abs)        000FA7
_INTCONbits                        (abs)        000FF2
_IPR1bits                          (abs)        000F9F
_LATB                              (abs)        000F8A
_OSCCONbits                        (abs)        000FD3
_PIE1bits                          (abs)        000F9D
_RCONbits                          (abs)        000FD0
_RCREG                             (abs)        000FAE
_RCSTAbits                         (abs)        000FAB
_SPBRG                             (abs)        000FAF
_SPBRGH                            (abs)        000FB0
_TABLAT                            (abs)        000FF5
_TBLPTR                            (abs)        000FF6
_TRISB                             (abs)        000F93
_TRISCbits                         (abs)        000F94
_TXREG                             (abs)        000FAD
_TXSTAbits                         (abs)        000FAC
__CFG_BOREN$OFF                    (abs)        000000
__CFG_BORV$3                       (abs)        000000
__CFG_CCP2MX$PORTC                 (abs)        000000
__CFG_CP0$OFF                      (abs)        000000
__CFG_CP1$OFF                      (abs)        000000
__CFG_CP2$OFF                      (abs)        000000
__CFG_CP3$OFF                      (abs)        000000
__CFG_CPB$OFF                      (abs)        000000
__CFG_CPD$OFF                      (abs)        000000
__CFG_EBTR0$OFF                    (abs)        000000
__CFG_EBTR1$OFF                    (abs)        000000
__CFG_EBTR2$OFF                    (abs)        000000
__CFG_EBTR3$OFF                    (abs)        000000
__CFG_EBTRB$OFF                    (abs)        000000
__CFG_FCMEN$OFF                    (abs)        000000
__CFG_IESO$OFF                     (abs)        000000
__CFG_LPT1OSC$OFF                  (abs)        000000
__CFG_LVP$OFF                      (abs)        000000
__CFG_MCLRE$ON                     (abs)        000000
__CFG_OSC$INTIO67                  (abs)        000000
__CFG_PBADEN$OFF                   (abs)        000000
__CFG_PWRT$OFF                     (abs)        000000
__CFG_STVREN$ON                    (abs)        000000
__CFG_WDT$OFF                      (abs)        000000
__CFG_WDTPS$32768                  (abs)        000000
__CFG_WRT0$OFF                     (abs)        000000
__CFG_WRT1$OFF                     (abs)        000000
__CFG_WRT2$OFF                     (abs)        000000
__CFG_WRT3$OFF                     (abs)        000000
__CFG_WRTB$OFF                     (abs)        000000
__CFG_WRTC$OFF                     (abs)        000000
__CFG_WRTD$OFF                     (abs)        000000
__CFG_XINST$OFF                    (abs)        000000
__HRAM                             (abs)        000000
__Habs1                            abs1         000000
__Hbank0                           bank0        000000
__Hbank1                           bank1        000000
__Hbank2                           bank2        000000
__Hbank3                           bank3        000000
__Hbank4                           bank4        000000
__Hbank5                           bank5        000000
__Hbigbss                          bigbss       000000
__Hbigdata                         bigdata      000000
__Hbigram                          bigram       000000
__Hbss                             bss          000000
__HbssBANK1                        bssBANK1     000000
__HbssBANK2                        bssBANK2     000000
__HbssCOMRAM                       bssCOMRAM    000000
__Hcinit                           cinit        000000
__Hclrtext                         clrtext      000000
__Hcomram                          comram       000000
__Hconfig                          config       30000E
__Hconst                           const        000000
__HcstackBANK0                     cstackBANK0  000000
__HcstackBANK1                     cstackBANK1  000000
__HcstackCOMRAM                    cstackCOMRAM 000000
__Hdata                            data         000000
__Heeprom_data                     eeprom_data  000000
__Hfarbss                          farbss       000000
__Hfardata                         fardata      000000
__Hibigdata                        ibigdata     000000
__Hidata                           idata        000000
__Hidloc                           idloc        200008
__Hifardata                        ifardata     000000
__Hinit                            init         0000AE
__Hintcode                         intcode      00000E
__Hintcode_body                    intcode_body 000000
__Hintcodelo                       intcodelo    0000AA
__Hintentry                        intentry     000000
__Hintret                          intret       000000
__Hintsave_regs                    intsave_regs 000000
__Hirdata                          irdata       000000
__Hmediumconst                     mediumconst  000000
__HnvFARRAM                        nvFARRAM     000000
__Hnvbit                           nvbit        000000
__Hnvrram                          nvrram       000000
__Hparam                           rparam       000000
__Hpowerup                         powerup      0000AA
__Hram                             ram          000000
__Hramtop                          ramtop       000600
__Hrbit                            rbit         000000
__Hrbss                            rbss         000000
__Hrdata                           rdata        000000
__Hreset_vec                       reset_vec    000004
__Hrparam                          rparam       000000
__Hsfr                             sfr          000000
__Hsmallconst                      smallconst   000632
__Hspace_0                         (abs)        30000E
__Hspace_1                         (abs)        000300
__Hspace_2                         (abs)        000000
__Hstack                           stack        000000
__Hstruct                          struct       000000
__Htemp                            temp         000061
__Htext                            text         000000
__Htext0                           text0        000000
__Htext1                           text1        000000
__Htext10                          text10       000000
__Htext11                          text11       000000
__Htext12                          text12       000000
__Htext2                           text2        000000
__Htext3                           text3        000000
__Htext4                           text4        000000
__Htext5                           text5        000000
__Htext6                           text6        000000
__Htext7                           text7        000000
__Htext8                           text8        000000
__Htext9                           text9        000000
__LRAM                             (abs)        000001
__Labs1                            abs1         000000
__Lbank0                           bank0        000000
__Lbank1                           bank1        000000
__Lbank2                           bank2        000000
__Lbank3                           bank3        000000
__Lbank4                           bank4        000000
__Lbank5                           bank5        000000
__Lbigbss                          bigbss       000000
__Lbigdata                         bigdata      000000
__Lbigram                          bigram       000000
__Lbss                             bss          000000
__LbssBANK1                        bssBANK1     000000
__LbssBANK2                        bssBANK2     000000
__LbssCOMRAM                       bssCOMRAM    000000
__Lcinit                           cinit        000000
__Lclrtext                         clrtext      000000
__Lcomram                          comram       000000
__Lconfig                          config       300000
__Lconst                           const        000000
__LcstackBANK0                     cstackBANK0  000000
__LcstackBANK1                     cstackBANK1  000000
__LcstackCOMRAM                    cstackCOMRAM 000000
__Ldata                            data         000000
__Leeprom_data                     eeprom_data  000000
__Lfarbss                          farbss       000000
__Lfardata                         fardata      000000
__Libigdata                        ibigdata     000000
__Lidata                           idata        000000
__Lidloc                           idloc        200000
__Lifardata                        ifardata     000000
__Linit                            init         0000AA
__Lintcode                         intcode      000008
__Lintcode_body                    intcode_body 000000
__Lintcodelo                       intcodelo    000018
__Lintentry                        intentry     000000
__Lintret                          intret       000000
__Lintsave_regs                    intsave_regs 000000
__Lirdata                          irdata       000000
__Lmediumconst                     mediumconst  000000
__LnvFARRAM                        nvFARRAM     000000
__Lnvbit                           nvbit        000000
__Lnvrram                          nvrram       000000
__Lparam                           rparam       000000
__Lpowerup                         powerup      0000AA
__Lram                             ram          000000
__Lramtop                          ramtop       000600
__Lrbit                            rbit         000000
__Lrbss                            rbss         000000
__Lrdata                           rdata        000000
__Lreset_vec                       reset_vec    000000
__Lrparam                          rparam       000000
__Lsfr                             sfr          000000
__Lsmallconst                      smallconst   000600
__Lspace_0                         (abs)        000000
__Lspace_1                         (abs)        000000
__Lspace_2                         (abs)        000000
__Lstack                           stack        000000
__Lstruct                          struct       000000
__Ltemp                            temp         000060
__Ltext                            text         000000
__Ltext0                           text0        000000
__Ltext1                           text1        000000
__Ltext10                          text10       000000
__Ltext11                          text11       000000
__Ltext12                          text12       000000
__Ltext2                           text2        000000
__Ltext3                           text3        000000
__Ltext4                           text4        000000
__Ltext5                           text5        000000
__Ltext6                           text6        000000
__Ltext7                           text7        000000
__Ltext8                           text8        000000
__Ltext9                           text9        000000
__S0                               (abs)        30000E
__S1                               (abs)        000300
__S2                               (abs)        000000
___inthi_sp                        stack        000000
___intlo_sp                        stack        000000
___lwdiv                           text7        000BAC
___lwdiv@counter                   cstackBANK0  000084
___lwdiv@dividend                  cstackBANK0  000080
___lwdiv@divisor                   cstackBANK0  000082
___lwdiv@quotient                  cstackBANK0  000085
___param_bank                      (abs)        000000
___rparam_used                     (abs)        000001
___sp                              stack        000000
___wmul                            text12       000D9E
___wmul@multiplicand               cstackBANK0  000082
___wmul@multiplier                 cstackBANK0  000080
___wmul@product                    cstackBANK0  000084
__accesstop                        (abs)        000080
__activetblptr                     (abs)        000002
__end_of___lwdiv                   text7        000C24
__end_of___wmul                    text12       000DD4
__end_of__initialization           cinit        000D90
__end_of_flash_block_commit        text11       000E3C
__end_of_flash_block_delete        text10       000E22
__end_of_flash_block_write         text9        000A16
__end_of_flash_read                text8        000C8A
__end_of_hexpowers                 smallconst   000609
__end_of_high_isr                  intcode_body 000BAC
__end_of_isdigit                   text6        000DFE
__end_of_low_isr                   intcodelo    0000AA
__end_of_main                      text0        000B32
__end_of_program_start             smallconst   000618
__end_of_sprintf                   text5        0008DC
__end_of_uart_init                 text4        000D64
__end_of_uart_send                 text3        000E4E
__end_of_uart_send_array           text2        000CE0
__end_of_uart_send_string          text1        000D26
__initialization                   cinit        000D64
__mediumconst                      mediumconst  000000
__pbssBANK1                        bssBANK1     000141
__pbssBANK2                        bssBANK2     000200
__pbssCOMRAM                       bssCOMRAM    000001
__pcinit                           cinit        000D64
__pcstackBANK0                     cstackBANK0  000080
__pcstackBANK1                     cstackBANK1  000100
__pcstackCOMRAM                    cstackCOMRAM 000041
__pintcode                         intcode      000008
__pintcode_body                    intcode_body 000B32
__pintcodelo                       intcodelo    000018
__psmallconst                      smallconst   000600
__ptext0                           text0        000A16
__ptext1                           text1        000CE0
__ptext10                          text10       000DFE
__ptext11                          text11       000E22
__ptext12                          text12       000D9E
__ptext2                           text2        000C8A
__ptext3                           text3        000E3C
__ptext4                           text4        000D26
__ptext5                           text5        000632
__ptext6                           text6        000DD4
__ptext7                           text7        000BAC
__ptext8                           text8        000C24
__ptext9                           text9        0008DC
__ramtop                           ramtop       000600
__size_of___lwdiv                  (abs)        000000
__size_of___wmul                   (abs)        000000
__size_of_flash_block_commit       (abs)        000000
__size_of_flash_block_delete       (abs)        000000
__size_of_flash_block_write        (abs)        000000
__size_of_flash_read               (abs)        000000
__size_of_high_isr                 (abs)        000000
__size_of_isdigit                  (abs)        000000
__size_of_low_isr                  (abs)        000000
__size_of_main                     (abs)        000000
__size_of_sprintf                  (abs)        000000
__size_of_uart_init                (abs)        000000
__size_of_uart_send                (abs)        000000
__size_of_uart_send_array          (abs)        000000
__size_of_uart_send_string         (abs)        000000
__smallconst                       smallconst   000600
_flash_block_commit                text11       000E22
_flash_block_delete                text10       000DFE
_flash_block_write                 text9        0008DC
_flash_read                        text8        000C24
_hexpowers                         smallconst   000601
_high_isr                          intcode      000008
_isdigit                           text6        000DD4
_isdigit$860                       cstackBANK0  000081
_low_isr                           intcodelo    000018
_main                              text0        000A16
_print_buffer                      bssBANK2     000200
_program_start                     smallconst   000609
_sprintf                           text5        000632
_uart_init                         text4        000D26
_uart_send                         text3        000E3C
_uart_send_array                   text2        000C8A
_uart_send_string                  text1        000CE0
btemp                              temp         000060
end_of_initialization              cinit        000D90
flash_block_delete@addr            cstackBANK0  000080
flash_block_write@F3209            bssCOMRAM    000001
flash_block_write@addr             cstackBANK0  000086
flash_block_write@flash_data_buff  cstackBANK0  000088
flash_block_write@flash_ptr        cstackBANK0  0000CA
flash_block_write@flash_store_buff cstackBANK0  00008A
flash_block_write@i                cstackBANK0  0000CC
flash_read@flash_addr              cstackBANK0  000080
flash_read@flash_h                 cstackBANK0  000084
flash_read@flash_l                 cstackBANK0  000085
int$flags                          temp         000060
int_func                           intcode_body 000B32
intlevel0                          text         000000
intlevel1                          text         000000
intlevel2                          text         000000
intlevel3                          text         000000
isdigit@c                          cstackBANK0  000082
main@F3214                         bssBANK1     000141
main@flash_data                    cstackBANK1  000100
main@i                             cstackBANK1  000140
sprintf@ap                         cstackBANK0  000092
sprintf@c                          cstackBANK0  00009A
sprintf@f                          cstackBANK0  000089
sprintf@flag                       cstackBANK0  000094
sprintf@idx                        cstackBANK0  000091
sprintf@prec                       cstackBANK0  000097
sprintf@sp                         cstackBANK0  000087
sprintf@val                        cstackBANK0  000095
sprintf@width                      cstackBANK0  000098
stackhi                            (abs)        0005FF
stacklo                            (abs)        000300
start                              init         0000AA
start_initialization               cinit        000D64
uart_init@brg16                    cstackBANK0  000086
uart_init@brgh                     cstackBANK0  000084
uart_init@gen_reg                  cstackBANK0  000080
uart_init@sync                     cstackBANK0  000082
uart_send@c                        cstackBANK0  000080
uart_send_array@c                  cstackBANK0  000081
uart_send_array@i                  cstackBANK0  000087
uart_send_array@len                cstackBANK0  000083
uart_send_string@c                 cstackBANK0  000081
uart_send_string@i                 cstackBANK0  000083


FUNCTION INFORMATION:

 *************** function _main *****************
 Defined at:
		line 117 in file "main.c"
 Parameters:    Size  Location     Type
		None
 Auto vars:     Size  Location     Type
  i               1   64[BANK1 ] unsigned char 
  flash_data     64    0[BANK1 ] unsigned char [64]
 Return value:  Size  Location     Type
                  1    wreg      void 
 Registers used:
		wreg, fsr1l, fsr1h, fsr2l, fsr2h, status,2, status,0, tblptrl, tblptrh, tblptru, prodl, prodh, cstack
 Tracked objects:
		On entry : 
		On exit  : 
		Unchanged: 
 Data sizes:     COMRAM   BANK0   BANK1   BANK2   BANK3   BANK4   BANK5
      Params:         0       0       0       0       0       0       0
      Locals:         0       0      65       0       0       0       0
      Temps:          0       2       0       0       0       0       0
      Totals:         0       2      65       0       0       0       0
Total ram usage:       67 bytes
 Hardware stack levels required when called:    4
 This function calls:
		_flash_block_write
		_flash_read
		_sprintf
		_uart_init
		_uart_send_array
		_uart_send_string
 This function is called by:
		Startup code after reset
 This function uses a non-reentrant model


 *************** function _uart_send_string *****************
 Defined at:
		line 50 in file "uart_layer.c"
 Parameters:    Size  Location     Type
  c               2    1[BANK0 ] PTR unsigned char 
		 -> print_buffer(256), 
 Auto vars:     Size  Location     Type
  i               1    3[BANK0 ] unsigned char 
 Return value:  Size  Location     Type
                  1    wreg      void 
 Registers used:
		wreg, fsr2l, fsr2h, status,2, status,0, prodl, prodh, cstack
 Tracked objects:
		On entry : 
		On exit  : 
		Unchanged: 
 Data sizes:     COMRAM   BANK0   BANK1   BANK2   BANK3   BANK4   BANK5
      Params:         0       2       0       0       0       0       0
      Locals:         0       1       0       0       0       0       0
      Temps:          0       0       0       0       0       0       0
      Totals:         0       3       0       0       0       0       0
Total ram usage:        3 bytes
 Hardware stack levels used:    1
 Hardware stack levels required when called:    3
 This function calls:
		_uart_send
 This function is called by:
		_main
 This function uses a non-reentrant model


 *************** function _uart_send_array *****************
 Defined at:
		line 45 in file "uart_layer.c"
 Parameters:    Size  Location     Type
  c               2    1[BANK0 ] PTR unsigned char 
		 -> program_start(15), 
  len             2    3[BANK0 ] unsigned int 
 Auto vars:     Size  Location     Type
  i               1    7[BANK0 ] unsigned char 
 Return value:  Size  Location     Type
                  1    wreg      void 
 Registers used:
		wreg, status,2, status,0, tblptrl, tblptrh, tblptru, prodl, prodh, cstack
 Tracked objects:
		On entry : 
		On exit  : 
		Unchanged: 
 Data sizes:     COMRAM   BANK0   BANK1   BANK2   BANK3   BANK4   BANK5
      Params:         0       4       0       0       0       0       0
      Locals:         0       1       0       0       0       0       0
      Temps:          0       2       0       0       0       0       0
      Totals:         0       7       0       0       0       0       0
Total ram usage:        7 bytes
 Hardware stack levels used:    1
 Hardware stack levels required when called:    3
 This function calls:
		_uart_send
 This function is called by:
		_main
 This function uses a non-reentrant model


 *************** function _uart_send *****************
 Defined at:
		line 24 in file "uart_layer.c"
 Parameters:    Size  Location     Type
  c               1    wreg     unsigned char 
 Auto vars:     Size  Location     Type
  c               1    0[BANK0 ] unsigned char 
 Return value:  Size  Location     Type
                  1    wreg      void 
 Registers used:
		wreg
 Tracked objects:
		On entry : 
		On exit  : 
		Unchanged: 
 Data sizes:     COMRAM   BANK0   BANK1   BANK2   BANK3   BANK4   BANK5
      Params:         0       0       0       0       0       0       0
      Locals:         0       1       0       0       0       0       0
      Temps:          0       0       0       0       0       0       0
      Totals:         0       1       0       0       0       0       0
Total ram usage:        1 bytes
 Hardware stack levels used:    1
 Hardware stack levels required when called:    2
 This function calls:
		Nothing
 This function is called by:
		_uart_send_array
		_uart_send_string
 This function uses a non-reentrant model


 *************** function _uart_init *****************
 Defined at:
		line 4 in file "uart_layer.c"
 Parameters:    Size  Location     Type
  gen_reg         2    0[BANK0 ] unsigned int 
  sync            2    2[BANK0 ] unsigned int 
  brgh            2    4[BANK0 ] unsigned int 
  brg16           2    6[BANK0 ] unsigned int 
 Auto vars:     Size  Location     Type
		None
 Return value:  Size  Location     Type
                  1    wreg      void 
 Registers used:
		wreg, status,2
 Tracked objects:
		On entry : 
		On exit  : 
		Unchanged: 
 Data sizes:     COMRAM   BANK0   BANK1   BANK2   BANK3   BANK4   BANK5
      Params:         0       8       0       0       0       0       0
      Locals:         0       0       0       0       0       0       0
      Temps:          0       0       0       0       0       0       0
      Totals:         0       8       0       0       0       0       0
Total ram usage:        8 bytes
 Hardware stack levels used:    1
 Hardware stack levels required when called:    2
 This function calls:
		Nothing
 This function is called by:
		_main
 This function uses a non-reentrant model


 *************** function _sprintf *****************
 Defined at:
		line 492 in file "C:\Program Files (x86)\Microchip\xc8\v1.41\sources\common\doprnt.c"
 Parameters:    Size  Location     Type
  sp              2    7[BANK0 ] PTR unsigned char 
		 -> print_buffer(256), 
  f               2    9[BANK0 ] PTR const unsigned char 
		 -> STR_1(7), 
 Auto vars:     Size  Location     Type
  idx             1   17[BANK0 ] unsigned char 
  tmpval          4    0        struct .
  cp              3    0        PTR const unsigned char 
  width           2   24[BANK0 ] int 
  val             2   21[BANK0 ] unsigned int 
  ap              2   18[BANK0 ] PTR void [1]
		 -> ?_sprintf(2), 
  len             2    0        unsigned int 
  c               1   26[BANK0 ] char 
  prec            1   23[BANK0 ] char 
  flag            1   20[BANK0 ] unsigned char 
 Return value:  Size  Location     Type
                  2    7[BANK0 ] int 
 Registers used:
		wreg, fsr2l, fsr2h, status,2, status,0, tblptrl, tblptrh, tblptru, prodl, prodh, cstack
 Tracked objects:
		On entry : 
		On exit  : 
		Unchanged: 
 Data sizes:     COMRAM   BANK0   BANK1   BANK2   BANK3   BANK4   BANK5
      Params:         0       6       0       0       0       0       0
      Locals:         0      10       0       0       0       0       0
      Temps:          0       4       0       0       0       0       0
      Totals:         0      20       0       0       0       0       0
Total ram usage:       20 bytes
 Hardware stack levels used:    1
 Hardware stack levels required when called:    3
 This function calls:
		___lwdiv
		___wmul
		_isdigit
 This function is called by:
		_main
 This function uses a non-reentrant model


 *************** function _isdigit *****************
 Defined at:
		line 8 in file "C:\Program Files (x86)\Microchip\xc8\v1.41\sources\common\isdigit.c"
 Parameters:    Size  Location     Type
  c               1    wreg     unsigned char 
 Auto vars:     Size  Location     Type
  c               1    2[BANK0 ] unsigned char 
 Return value:  Size  Location     Type
		None               void
 Registers used:
		wreg, status,2, status,0
 Tracked objects:
		On entry : 
		On exit  : 
		Unchanged: 
 Data sizes:     COMRAM   BANK0   BANK1   BANK2   BANK3   BANK4   BANK5
      Params:         0       0       0       0       0       0       0
      Locals:         0       2       0       0       0       0       0
      Temps:          0       1       0       0       0       0       0
      Totals:         0       3       0       0       0       0       0
Total ram usage:        3 bytes
 Hardware stack levels used:    1
 Hardware stack levels required when called:    2
 This function calls:
		Nothing
 This function is called by:
		_sprintf
 This function uses a non-reentrant model


 *************** function ___lwdiv *****************
 Defined at:
		line 8 in file "C:\Program Files (x86)\Microchip\xc8\v1.41\sources\common\lwdiv.c"
 Parameters:    Size  Location     Type
  dividend        2    0[BANK0 ] unsigned int 
  divisor         2    2[BANK0 ] unsigned int 
 Auto vars:     Size  Location     Type
  quotient        2    5[BANK0 ] unsigned int 
  counter         1    4[BANK0 ] unsigned char 
 Return value:  Size  Location     Type
                  2    0[BANK0 ] unsigned int 
 Registers used:
		wreg, status,2, status,0
 Tracked objects:
		On entry : 
		On exit  : 
		Unchanged: 
 Data sizes:     COMRAM   BANK0   BANK1   BANK2   BANK3   BANK4   BANK5
      Params:         0       4       0       0       0       0       0
      Locals:         0       3       0       0       0       0       0
      Temps:          0       0       0       0       0       0       0
      Totals:         0       7       0       0       0       0       0
Total ram usage:        7 bytes
 Hardware stack levels used:    1
 Hardware stack levels required when called:    2
 This function calls:
		Nothing
 This function is called by:
		_sprintf
 This function uses a non-reentrant model


 *************** function _flash_read *****************
 Defined at:
		line 16 in file "main.c"
 Parameters:    Size  Location     Type
  flash_addr      2    0[BANK0 ] unsigned int 
 Auto vars:     Size  Location     Type
  flash_l         1    5[BANK0 ] unsigned char 
  flash_h         1    4[BANK0 ] unsigned char 
 Return value:  Size  Location     Type
                  2    0[BANK0 ] unsigned int 
 Registers used:
		wreg, status,2, status,0
 Tracked objects:
		On entry : 
		On exit  : 
		Unchanged: 
 Data sizes:     COMRAM   BANK0   BANK1   BANK2   BANK3   BANK4   BANK5
      Params:         0       2       0       0       0       0       0
      Locals:         0       2       0       0       0       0       0
      Temps:          0       2       0       0       0       0       0
      Totals:         0       6       0       0       0       0       0
Total ram usage:        6 bytes
 Hardware stack levels used:    1
 Hardware stack levels required when called:    2
 This function calls:
		Nothing
 This function is called by:
		_main
 This function uses a non-reentrant model


 *************** function _flash_block_write *****************
 Defined at:
		line 77 in file "main.c"
 Parameters:    Size  Location     Type
  addr            2    6[BANK0 ] unsigned int 
  flash_data_b    2    8[BANK0 ] PTR unsigned char 
		 -> main@flash_data(64), 
 Auto vars:     Size  Location     Type
  flash_store_   64   10[BANK0 ] unsigned char [64]
  flash_ptr       2   74[BANK0 ] unsigned int 
  i               1   76[BANK0 ] char 
 Return value:  Size  Location     Type
                  1    wreg      void 
 Registers used:
		wreg, fsr1l, fsr1h, fsr2l, fsr2h, status,2, status,0, prodl, prodh, cstack
 Tracked objects:
		On entry : 
		On exit  : 
		Unchanged: 
 Data sizes:     COMRAM   BANK0   BANK1   BANK2   BANK3   BANK4   BANK5
      Params:         0       4       0       0       0       0       0
      Locals:         0      67       0       0       0       0       0
      Temps:          0       0       0       0       0       0       0
      Totals:         0      71       0       0       0       0       0
Total ram usage:       71 bytes
 Hardware stack levels used:    1
 Hardware stack levels required when called:    3
 This function calls:
		___wmul
		_flash_block_commit
		_flash_block_delete
 This function is called by:
		_main
 This function uses a non-reentrant model


 *************** function _flash_block_delete *****************
 Defined at:
		line 38 in file "main.c"
 Parameters:    Size  Location     Type
  addr            2    0[BANK0 ] unsigned int 
 Auto vars:     Size  Location     Type
		None
 Return value:  Size  Location     Type
                  1    wreg      void 
 Registers used:
		wreg, status,2
 Tracked objects:
		On entry : 
		On exit  : 
		Unchanged: 
 Data sizes:     COMRAM   BANK0   BANK1   BANK2   BANK3   BANK4   BANK5
      Params:         0       2       0       0       0       0       0
      Locals:         0       0       0       0       0       0       0
      Temps:          0       0       0       0       0       0       0
      Totals:         0       2       0       0       0       0       0
Total ram usage:        2 bytes
 Hardware stack levels used:    1
 Hardware stack levels required when called:    2
 This function calls:
		Nothing
 This function is called by:
		_flash_block_write
 This function uses a non-reentrant model


 *************** function _flash_block_commit *****************
 Defined at:
		line 59 in file "main.c"
 Parameters:    Size  Location     Type
		None
 Auto vars:     Size  Location     Type
		None
 Return value:  Size  Location     Type
                  1    wreg      void 
 Registers used:
		wreg, status,2
 Tracked objects:
		On entry : 
		On exit  : 
		Unchanged: 
 Data sizes:     COMRAM   BANK0   BANK1   BANK2   BANK3   BANK4   BANK5
      Params:         0       0       0       0       0       0       0
      Locals:         0       0       0       0       0       0       0
      Temps:          0       0       0       0       0       0       0
      Totals:         0       0       0       0       0       0       0
Total ram usage:        0 bytes
 Hardware stack levels used:    1
 Hardware stack levels required when called:    2
 This function calls:
		Nothing
 This function is called by:
		_flash_block_write
 This function uses a non-reentrant model


 *************** function ___wmul *****************
 Defined at:
		line 15 in file "C:\Program Files (x86)\Microchip\xc8\v1.41\sources\common\Umul16.c"
 Parameters:    Size  Location     Type
  multiplier      2    0[BANK0 ] unsigned int 
  multiplicand    2    2[BANK0 ] unsigned int 
 Auto vars:     Size  Location     Type
  product         2    4[BANK0 ] unsigned int 
 Return value:  Size  Location     Type
                  2    0[BANK0 ] unsigned int 
 Registers used:
		wreg, status,2, status,0, prodl, prodh
 Tracked objects:
		On entry : 
		On exit  : 
		Unchanged: 
 Data sizes:     COMRAM   BANK0   BANK1   BANK2   BANK3   BANK4   BANK5
      Params:         0       4       0       0       0       0       0
      Locals:         0       2       0       0       0       0       0
      Temps:          0       0       0       0       0       0       0
      Totals:         0       6       0       0       0       0       0
Total ram usage:        6 bytes
 Hardware stack levels used:    1
 Hardware stack levels required when called:    2
 This function calls:
		Nothing
 This function is called by:
		_flash_block_write
		_sprintf
 This function uses a non-reentrant model


 *************** function _low_isr *****************
 Defined at:
		line 163 in file "main.c"
 Parameters:    Size  Location     Type
		None
 Auto vars:     Size  Location     Type
		None
 Return value:  Size  Location     Type
                  1    wreg      void 
 Registers used:
		None
 Tracked objects:
		On entry : 
		On exit  : 
		Unchanged: 
 Data sizes:     COMRAM   BANK0   BANK1   BANK2   BANK3   BANK4   BANK5
      Params:         0       0       0       0       0       0       0
      Locals:         0       0       0       0       0       0       0
      Temps:         17       0       0       0       0       0       0
      Totals:        17       0       0       0       0       0       0
Total ram usage:       17 bytes
 Hardware stack levels used:    1
 Hardware stack levels required when called:    1
 This function calls:
		Nothing
 This function is called by:
		Interrupt level 1
 This function uses a non-reentrant model


 *************** function _high_isr *****************
 Defined at:
		line 153 in file "main.c"
 Parameters:    Size  Location     Type
		None
 Auto vars:     Size  Location     Type
		None
 Return value:  Size  Location     Type
                  1    wreg      void 
 Registers used:
		None
 Tracked objects:
		On entry : 
		On exit  : 
		Unchanged: 
 Data sizes:     COMRAM   BANK0   BANK1   BANK2   BANK3   BANK4   BANK5
      Params:         0       0       0       0       0       0       0
      Locals:         0       0       0       0       0       0       0
      Temps:         14       0       0       0       0       0       0
      Totals:        14       0       0       0       0       0       0
Total ram usage:       14 bytes
 Hardware stack levels used:    1
 This function calls:
		Nothing
 This function is called by:
		Interrupt level 2
 This function uses a non-reentrant model



MODULE INFORMATION

Module		Function		Class		Link	Load	Size
C:\Program Files (x86)\Microchip\xc8\v1.41\sources\common\lwdiv.c
		___lwdiv       		CODE           	0BAC	0000	121

C:\Program Files (x86)\Microchip\xc8\v1.41\sources\common\lwdiv.c estimated size: 121

C:\Program Files (x86)\Microchip\xc8\v1.41\sources\common\doprnt.c
		_sprintf       		CODE           	0632	0000	683

C:\Program Files (x86)\Microchip\xc8\v1.41\sources\common\doprnt.c estimated size: 683

C:\Program Files (x86)\Microchip\xc8\v1.41\sources\common\Umul16.c
		___wmul        		CODE           	0D9E	0000	55

C:\Program Files (x86)\Microchip\xc8\v1.41\sources\common\Umul16.c estimated size: 55

C:\Program Files (x86)\Microchip\xc8\v1.41\sources\common\isdigit.c
		_isdigit       		CODE           	0DD4	0000	43

C:\Program Files (x86)\Microchip\xc8\v1.41\sources\common\isdigit.c estimated size: 43

shared
		_program_start 		SMALLCONST     	0609	0000	16
		__initialization		CODE           	0D64	0000	45
		_hexpowers     		SMALLCONST     	0601	0000	9

shared estimated size: 70

uart_layer.c
		_uart_send_array		CODE           	0C8A	0000	87
		_uart_init     		CODE           	0D26	0000	63
		_uart_send     		CODE           	0E3C	0000	19
		_uart_send_string		CODE           	0CE0	0000	71

uart_layer.c estimated size: 240

main.c
		_flash_block_delete		CODE           	0DFE	0000	37
		_main          		CODE           	0A16	0000	285
		_flash_block_commit		CODE           	0E22	0000	27
		_high_isr      		CODE           	0008	0000	129
		_flash_read    		CODE           	0C24	0000	103
		_flash_block_write		CODE           	08DC	0000	315
		_low_isr       		CODE           	0018	0000	147

main.c estimated size: 1043

